== pre-flight ==
pre-flight OK: 10 entries, schema/slugs/entities/related all clean
== drift audit ==
== generate ==
10 entries written to /Users/moop_bot_pro/bible-reading-plan-bot/docs/dictionary
== rebuild ==
Total entries: 5555
== regen slugs ==
slugs: 5543
== manifest ==
  File size:                         974.0 KB
== enhance entry pages (anchors, In-the-Text, disambiguation) ==
  files changed:        2373/5543
  jump rows injected:   10
  In-the-Text sections: 1861
  disambiguation notes: 677
== post-flight: corpus integrity audit ==
    entries lacking a Usage section:      642
==============================================================
RESULT: PASS — corpus structurally sound.
== DONE ==
