[1/86] FOUND  http://cc.church/
[2/86] none   http://www.eastmemphiscoc.com/
[3/86] FOUND  https://bobrussell.org/a-healthy-megachurch/
[4/86] none   https://ccv.church/about
[5/86] none   https://ccv.church/our-beliefs
[6/86] FOUND  https://centralchristian.com/about
[7/86] none   https://centralchristian.com/leadership
[8/86] none   https://cities.crossmap.com/san-diego/news/mark-foreman-announces-pastoral-transition-in-north-coast-calvary-chapel-rSguvt7xyw
[9/86] FOUND  https://compassionchristian.com/staff
[10/86] none   https://crownpoint.church
[11/86] none   https://crownpoint.church/about
[12/86] FOUND  https://en.wikipedia.org/wiki/J._D._Greear
[13/86] none   https://en.wikipedia.org/wiki/The_Summit_Church
[14/86] none   https://fbcconroe.org/our-staff
[15/86] none   https://fbcwr.org
[16/86] none   https://gbcmt.org/
[17/86] FOUND  https://gbcmt.org/staff/
[18/86] none   https://gccc-pray.com/ (unreachable — ECONNREFUSED)
[19/86] FOUND  https://harvest.church/about
[20/86] FOUND  https://hf.church/
[21/86] FOUND  https://hf.church/beliefs
[22/86] FOUND  https://hf.church/leadership
[23/86] FOUND  https://hobokengrace.com/about
[24/86] FOUND  https://mannastafford.church
[25/86] none   https://pittsburghbaptist.org/
[26/86] FOUND  https://pittsburghbaptist.org/about
[27/86] none   https://radiantchurch.com
[28/86] FOUND  https://reedycreekonline.com
[29/86] FOUND  https://rivervalley.org/about
[30/86] none   https://southlandbaptist.com
[31/86] none   https://summitchurch.com
[32/86] FOUND  https://tbbchurch.org
[33/86] none   https://teba.org/church-spotlight-first-baptist-conroe/
[34/86] none   https://thehills.org
[35/86] none   https://thehills.org/about
[36/86] none   https://thehills.org/elders
[37/86] FOUND  https://thevillagechurch.net
[38/86] FOUND  https://tpcc.org/about
[39/86] FOUND  https://visitgracechurch.com/
[40/86] FOUND  https://web.germantownchamber.com/Churches/Germantown-Church-of-Christ-239
[41/86] FOUND  https://www.abundantlifeag.org
[42/86] FOUND  https://www.atleechurch.org
[43/86] FOUND  https://www.bammel.org
[44/86] FOUND  https://www.baptistpress.com/resource-library/news/state-meetings-virginia-sbcv-ohio/
[45/86] none   https://www.cecildaily.com/features/religion/maranatha-baptist-welcomes-new-pastor/article_be83b500-a9b2-5237-a624-09b0b97b5392.html
[46/86] none   https://www.championscentre.com/about
[47/86] none   https://www.christcentralcville.org
[48/86] FOUND  https://www.churchclarity.org/church-old/traders-point-christian-church-2493
[49/86] none   https://www.churchstaffing.com/job/259468/
[50/86] FOUND  https://www.cornerstonesimi.com/about
[51/86] none   https://www.effinghamherald.net/local/savannah-christian-church-is-now-compassion-christian/
[52/86] FOUND  https://www.eldrbarry.net/hatr/pnwppca.htm
[53/86] FOUND  https://www.faithlafayette.org
[54/86] none   https://www.faithstreet.com/church/faith-promise-church-knoxville-tn
[55/86] FOUND  https://www.faithstreet.com/church/grace-church-overland-park-ks
[56/86] FOUND  https://www.faithstreet.com/church/southland-baptist-church-cincinnati-oh
[57/86] none   https://www.firstbaptistbuda.com/about
[58/86] none   https://www.greatneckbaptist.org/staff
[59/86] none   https://www.gtcoc.org
[60/86] FOUND  https://www.harvestbible.org/ourelders/
[61/86] none   https://www.hopeportland.org/
[62/86] none   https://www.kjvchurches.com/churches/united-states/maryland/elkton/maranatha-baptist-church-15/
[63/86] none   https://www.kjvchurches.com/churches/united-states/ohio/cincinnati/southland-missionary-baptist-church/
[64/86] none   https://www.leecummings.com/radiant
[65/86] FOUND  https://www.mrcc.org
[66/86] none   https://www.mtzbcspotsy.org
[67/86] FOUND  https://www.my-pastor.com/pastor-j-bruce-sofia.html
[68/86] FOUND  https://www.mystpauldallas.org
[69/86] FOUND  https://www.northcoastcalvary.org/
[70/86] none   https://www.northroanoke.org
[71/86] FOUND  https://www.parkwayhills.org/
[72/86] FOUND  https://www.parkwayhills.org/staff
[73/86] FOUND  https://www.pcaac.org/
[74/86] none   https://www.prestonroad.org/about
[75/86] FOUND  https://www.prestonroad.org/women-and-ministry-at-prcc/
[76/86] FOUND  https://www.radiant.network/about
[77/86] none   https://www.redeemerchristianchurch.com/about
[78/86] FOUND  https://www.redrockschurch.com/
[79/86] none   https://www.redrockschurch.com/learn-more/our-pastor/
[80/86] FOUND  https://www.restorationrva.org
[81/86] FOUND  https://www.richmondpastorsstatement.org/
[82/86] none   https://www.sbcv.org/churches/north-roanoke-baptist-church/
[83/86] none   https://www.thegospelcoalition.org/church/parkway-hills-baptist-church/
[84/86] none   https://www.thelordsway.com/site27/staffbio.asp?StaffID=1105&CongregationID=477
[85/86] none   https://www.thevillagedc.church
[86/86] FOUND  https://www.trinitychurchseattle.org/

Done. found=44 saved_new=0 none=42
