[1/86] none   http://cityhope.cc/
[2/86] none   http://www.clvry.org/we-believe
[3/86] FOUND  https://arizonadigitalfreepress.com/scottsdale-bible-church-names-rustin-rossello-senior-pastor/
[4/86] FOUND  https://brittonroad.org
[5/86] FOUND  https://calvarycw.org/
[6/86] FOUND  https://canyonridge.org/about
[7/86] FOUND  https://cccm.com
[8/86] FOUND  https://cccm.com/team
[9/86] none   https://ccv.church/
[10/86] none   https://ccv.church/about
[11/86] FOUND  https://ccv.church/our-beliefs
[12/86] FOUND  https://ccv.church/our-beliefs/
[13/86] none   https://centralchurch.online/about
[14/86] none   https://churcheleven32.com/our-pastors/
[15/86] FOUND  https://cotc.com/about
[16/86] FOUND  https://cotc.com/elders
[17/86] FOUND  https://en.wikipedia.org/wiki/Brooklyn_Tabernacle
[18/86] FOUND  https://en.wikipedia.org/wiki/Kerry_Shook
[19/86] none   https://fbctaylors.org
[20/86] none   https://fbctaylors.org/beliefs
[21/86] FOUND  https://fbctoday.org
[22/86] FOUND  https://fbctoday.org/our-beliefs/
[23/86] FOUND  https://flbaptist.org/brian-stowe-to-be-nominated-florida-baptist-state-convention-president/
[24/86] FOUND  https://fullertonfree.com/
[25/86] FOUND  https://gracewired.com/
[26/86] FOUND  https://gracewired.com/about-us/
[27/86] none   https://leesburgcc.org/about
[28/86] none   https://mvmntchurch.com
[29/86] FOUND  https://mycharisma.com/news/jd-greear-sbc-ban-on-female-pastors-is-unwise/
[30/86] none   https://mycrossroadschurch.com/about
[31/86] none   https://passioncitychurch.com/beliefs
[32/86] FOUND  https://passioncitychurch.com/leadership/
[33/86] none   https://prestonwood.org/beliefs
[34/86] none   https://restorationarlington.org
[35/86] FOUND  https://rollinghills.org/about
[36/86] none   https://rollinghills.org/about/staff-and-leadership/
[37/86] FOUND  https://seattlebaptist.org/about
[38/86] FOUND  https://summitchurch.com/
[39/86] FOUND  https://summitchurch.com/about/beliefs
[40/86] FOUND  https://summitchurch.com/about/leadership
[41/86] FOUND  https://tpcc.org/our-staff
[42/86] none   https://tpcc.org/who-we-are
[43/86] none   https://truthscript.com/church/whispers-and-shouts-an-analysis-of-j-d-greears-views-on-homosexuality/
[44/86] none   https://westminsterhamden.org
[45/86] FOUND  https://www.acts29.com/church/fellowship-denver-church-north-metro/
[46/86] FOUND  https://www.alfredstreet.org
[47/86] FOUND  https://www.alfredstreet.org/about-us/what-we-believe
[48/86] none   https://www.arcchurches.com/city-hope-church-wichita-falls-tx/
[49/86] none   https://www.brooklyntabernacle.org/about
[50/86] FOUND  https://www.calvaryreno.com/
[51/86] FOUND  https://www.ccob.org
[52/86] none   https://www.churchofthehighlands.com/about/faith
[53/86] FOUND  https://www.communitybible.com/about
[54/86] none   https://www.communitybible.com/staff
[55/86] none   https://www.communitybible.com/what-we-believe
[56/86] FOUND  https://www.cornerstonesimi.com/
[57/86] FOUND  https://www.cornerstonesimi.com/what-we-believe
[58/86] none   https://www.dawsonchurch.org/meet-our-team
[59/86] none   https://www.efca.org/
[60/86] FOUND  https://www.faithstreet.com/church/grace-community-church-detroit-detroit-mi
[61/86] FOUND  https://www.fbcbeaumont.org/our-beliefs
[62/86] FOUND  https://www.fbcbeaumont.org/our-team
[63/86] none   https://www.fbcgalax.org
[64/86] none   https://www.fbcgalax.org/staff
[65/86] FOUND  https://www.fbclife.com
[66/86] none   https://www.fbcpc.com/beliefs
[67/86] FOUND  https://www.fellowshipar.com/
[68/86] none   https://www.fellowshipdenver.org/care
[69/86] none   https://www.fredfullgospel.com
[70/86] FOUND  https://www.fredfullgospel.com/our-pastors
[71/86] none   https://www.glenallenchurch.org
[72/86] none   https://www.glenallenchurch.org/leadership
[73/86] none   https://www.gracecc.net
[74/86] none   https://www.gracecc.net/meet-our-team
[75/86] FOUND  https://www.graceclarksville.com/who-we-are/
[76/86] FOUND  https://www.harvestpittsburghnorth.org/about
[77/86] none   https://www.huntersglen.org/about-us/what-we-believe/
[78/86] FOUND  https://www.irocforchrist.com
[79/86] FOUND  https://www.riverdalebaptist.org/
[80/86] none   https://www.scottsdalebible.com
[81/86] none   https://www.sdrock.com/
[82/86] none   https://www.thebridgefxbg.org
[83/86] none   https://www.vuu.edu/wyatt-tee-walker-social-justice-society-of-preachers-prophetic-witnesses/dr-dwight-c-jones
[84/86] FOUND  https://www.watermark.org/about/governance
[85/86] FOUND  https://www.watermark.org/about/leadership
[86/86] FOUND  https://www.wc.org/beliefs/

Done. found=47 saved_new=0 none=39
