[1/144] none   http://www.esperancabpc.org
[2/144] none   http://www.livinghopesc.com
[3/144] none   https://bedfordpacma.org/
[4/144] FOUND  https://biblechurchinstcharles.org/
[5/144] FOUND  https://biblechurchinstcharles.org/about-us/ifca-affiliation
[6/144] FOUND  https://bpc.org/easternpresbytery
[7/144] FOUND  https://bpc.org/florida-presbytery
[8/144] none   https://bpc.org/great-lakes-presbytery
[9/144] FOUND  https://brainerdhills.org
[10/144] none   https://calgaryfrc.com
[11/144] FOUND  https://cambridgecma.org/
[12/144] FOUND  https://charliewingard.com/happy-birthday-fpc-yazoo-city/
[13/144] FOUND  https://cherokee-pca.org/
[14/144] FOUND  https://christalliance.org/
[15/144] FOUND  https://christalliance.org/about-us/our-pastor/
[16/144] none   https://emmanuelfrc.org
[17/144] none   https://en.wikipedia.org/wiki/First_Presbyterian_Church_(Augusta,_Georgia)
[18/144] FOUND  https://en.wikipedia.org/wiki/First_Presbyterian_Church_(Chattanooga,_Tennessee)
[19/144] FOUND  https://en.wikipedia.org/wiki/First_Presbyterian_Church_(Macon,_Georgia)
[20/144] FOUND  https://firstpresaugusta.org/staff/
[21/144] FOUND  https://firstpresyazoo.org/about-us/our-staff
[22/144] none   https://fortworthpca.org/officers/
[23/144] none   https://fortworthpca.org/staff/
[24/144] FOUND  https://fpcjackson.org/
[25/144] FOUND  https://fpcjackson.org/about/leadership/ministers/
[26/144] FOUND  https://frcna.org/
[27/144] FOUND  https://frcpp.org
[28/144] FOUND  https://gracereformedpc.org
[29/144] FOUND  https://heritagereformed.com/locations/
[30/144] FOUND  https://heritagereformedgr.org
[31/144] FOUND  https://kentoncma.com/
[32/144] none   https://newlifeglenside.com/about/staff-and-leadership/
[33/144] FOUND  https://northsprings.church/
[34/144] FOUND  https://nwgp.org/our-churches/
[35/144] none   https://pcamna.org/staff/murray/
[36/144] FOUND  https://providencebpc.com
[37/144] FOUND  https://resurrectionknoxville.com/home
[38/144] FOUND  https://resurrectionknoxville.com/staff
[39/144] FOUND  https://revolvebible.church/
[40/144] FOUND  https://revolvebible.church/about/contact-us
[41/144] FOUND  https://sevbc.org/
[42/144] FOUND  https://sevbc.org/leadership/
[43/144] none   https://shepherdsstream.com/oregon-church-directory/community-bible-church-ifca-2
[44/144] FOUND  https://southcountybible.churchcenter.com/pages/ifca-cultivate
[45/144] FOUND  https://svrpc.org
[46/144] FOUND  https://theaquilareport.com/pca-minister-roland-barnes-reflects-on-42-years-of-meals-missions-and-memories/
[47/144] none   https://thereignofchrist.com
[48/144] FOUND  https://thirdpca.org/contact
[49/144] none   https://thirdpca.org/pastoral
[50/144] FOUND  https://tpcstatesboro.com/about-us/our-staff
[51/144] none   https://trinitypresfw.org/leadership-staff/
[52/144] none   https://vinelandfrc.org
[53/144] none   https://washingtoncma.org/
[54/144] FOUND  https://washingtoncma.org/about/
[55/144] none   https://whiteoakpresbyterian.org
[56/144] FOUND  https://www.1stpresbyterian.com/staff
[57/144] FOUND  https://www.actonfaithbiblechurch.org/
[58/144] none   https://www.actonfaithbiblechurch.org/just-what-is-the-ifca/
[59/144] none   https://www.afaithfulpca.net/signatures
[60/144] FOUND  https://www.allsaintspres.net/officers
[61/144] FOUND  https://www.allsaintspres.net/staff
[62/144] none   https://www.bozemanrbc.org
[63/144] FOUND  https://www.byronbible.org/
[64/144] FOUND  https://www.byronbible.org/about
[65/144] none   https://www.cahabapark.org/about
[66/144] none   https://www.cba1689.com/churches
[67/144] FOUND  https://www.cckpca.org/about/our_staff
[68/144] FOUND  https://www.cckpca.org/about/staff/fred-greco
[69/144] none   https://www.ccrbc1689.com
[70/144] none   https://www.cfc-church.net/who-we-are
[71/144] none   https://www.christcov.org/about
[72/144] none   https://www.christcov.org/meet-our-staff
[73/144] FOUND  https://www.christpresnb.org/
[74/144] none   https://www.christpresnb.org/leadership
[75/144] FOUND  https://www.cmawpa.org/
[76/144] FOUND  https://www.coarsegoldreformedfellowship.com
[77/144] FOUND  https://www.cornerstonehuntsville.org/leadership
[78/144] none   https://www.cornerstonehuntsville.org/staff
[79/144] FOUND  https://www.cpcnewhaven.org/our-team
[80/144] FOUND  https://www.cpcnewhaven.org/servant-leaders
[81/144] FOUND  https://www.crossroadscma.org/
[82/144] FOUND  https://www.crossroadscma.org/about/
[83/144] none   https://www.crossway.org/authors/geoff-ziegler/
[84/144] FOUND  https://www.csbf.org/
[85/144] none   https://www.csbf.org/events/ifcaconference2022
[86/144] none   https://www.csbf.org/staff
[87/144] none   https://www.faithsd.org/
[88/144] FOUND  https://www.faithsd.org/about.html
[89/144] none   https://www.faithstreet.com/church/amphitheater-bible-church-tucson-az
[90/144] none   https://www.faithwilmington.com/
[91/144] FOUND  https://www.fpcmacon.org/leadership
[92/144] FOUND  https://www.freereformedchurchlangley.org
[93/144] FOUND  https://www.frontrangealliance.org/
[94/144] none   https://www.frontrangealliance.org/leadership
[95/144] FOUND  https://www.gccgilbert.org
[96/144] FOUND  https://www.gfbcconroe.com
[97/144] FOUND  https://www.gracebaptistvan.com
[98/144] none   https://www.gracepresbyterian.net/about
[99/144] FOUND  https://www.gracepresbyterian.net/leadership
[100/144] FOUND  https://www.greenviewalliance.com/
[101/144] none   https://www.greenviewalliance.com/about
[102/144] FOUND  https://www.intown.org/pastors-staff
[103/144] FOUND  https://www.joinmychurch.com/churches/Amphitheater-Bible-Church-Tucson-Arizona-United-States/219532
[104/144] none   https://www.joinmychurch.com/churches/Cave-Junction-Community-Bible-Church-Cave-Junction-Oregon-United-States/219802
[105/144] FOUND  https://www.lancastercma.org/
[106/144] FOUND  https://www.lancastercma.org/new-here/our-staff
[107/144] none   https://www.linkedin.com/company/faith-presbyterian-church---pca
[108/144] none   https://www.naparcsearch.com/pca/metro-atlanta
[109/144] none   https://www.newhopescw.com/IFCA-International
[110/144] FOUND  https://www.nypeacechurch.net
[111/144] FOUND  https://www.pearorchard.org/about-us
[112/144] none   https://www.pearorchard.org/our-staff
[113/144] none   https://www.phillypca.com/blog/2014/12/25/new-life-glenside
[114/144] FOUND  https://www.pinelandspca.org/
[115/144] FOUND  https://www.redeemerathens.com/staff
[116/144] FOUND  https://www.redeemertyler.com/about/staff/
[117/144] none   https://www.reformedbaptist.org
[118/144] none   https://www.reformedbaptistkc.org
[119/144] none   https://www.rosehillcma.org/
[120/144] FOUND  https://www.rosehillcma.org/team
[121/144] FOUND  https://www.rpcga.org/churches/
[122/144] none   https://www.rpco.org
[123/144] none   https://www.ryderchurch.org
[124/144] FOUND  https://www.scalliancechurch.com/
[125/144] FOUND  https://www.scalliancechurch.com/about-us
[126/144] FOUND  https://www.sflpresbytery.org/pinelands-presbyterian-church
[127/144] none   https://www.southcountybiblechurch.com/
[128/144] none   https://www.spanishriver.com/about-us
[129/144] none   https://www.spanishriver.com/team
[130/144] FOUND  https://www.sunsetbible.com/
[131/144] none   https://www.sunsetbible.com/ifca/
[132/144] FOUND  https://www.tpccorinth.org/presbyterian-church-in-america
[133/144] FOUND  https://www.tpccorinth.org/staff
[134/144] FOUND  https://www.trinity-cma.org/
[135/144] none   https://www.trinityhinsdale.com/leadership/
[136/144] none   https://www.trinitypresfw.org/about/
[137/144] FOUND  https://www.wacofamily.com
[138/144] FOUND  https://www.wichitaharvest.com
[139/144] none   https://www.willardcma.org/
[140/144] none   https://www.willardcma.org/about-us/
[141/144] FOUND  https://www.wmpca.org/pastors
[142/144] FOUND  https://www.wmpca.org/staff
[143/144] FOUND  https://www.wyandottealliance.org/
[144/144] FOUND  https://www.wyandottealliance.org/about

Done. found=87 saved_new=0 none=57
