[1/54] none   http://united.online/who-we-are
[2/54] none   https://antiochwaco.com/
[3/54] FOUND  https://calvarychapel.com/posts/author/doug_sauder/
[4/54] FOUND  https://calvaryftl.org/about
[5/54] FOUND  https://choicebaptist.org
[6/54] none   https://choicebaptist.org/about
[7/54] none   https://choicebaptist.org/our-beliefs
[8/54] none   https://columbia.church/
[9/54] none   https://columbia.church/our-beliefs
[10/54] FOUND  https://en.wikipedia.org/wiki/Antioch_International_Movement_of_Churches
[11/54] none   https://en.wikipedia.org/wiki/Mariners_Church
[12/54] FOUND  https://en.wikipedia.org/wiki/Traders_Point_Christian_Church
[13/54] FOUND  https://enewhope.org/about/our-beliefs/
[14/54] FOUND  https://ericgeiger.com/2023/02/14/gods-view-of-gender-dysphoria-and-the-transgender-movement/
[15/54] FOUND  https://ericgeiger.com/about/
[16/54] none   https://gcofonline.org
[17/54] none   https://julieroys.com/founding-pastor-chris-hodges-abruptly-steps-down-church-of-the-highlands/
[18/54] none   https://livingstoneschurches.com/reno
[19/54] FOUND  https://newcityfellowship.org
[20/54] FOUND  https://newcityfellowship.org/leadership
[21/54] FOUND  https://newhopebaptisthampton.org
[22/54] FOUND  https://passioncitychurch.com/dc/
[23/54] FOUND  https://sojournchurch.com
[24/54] FOUND  https://sojournchurch.com/beliefs
[25/54] none   https://tpcc.org/elders
[26/54] FOUND  https://tpcc.org/staff
[27/54] FOUND  https://tpcc.org/who-we-are
[28/54] none   https://united.online/
[29/54] none   https://wallersbaptist.org
[30/54] none   https://wallersbaptist.org/about
[31/54] none   https://www.abchurch.org
[32/54] FOUND  https://www.allsaintscville.org
[33/54] FOUND  https://www.blueridgebaptistchurch.org
[34/54] none   https://www.churchofthehighlands.com/about/faith
[35/54] FOUND  https://www.covlife.org/about
[36/54] none   https://www.covlife.org/new-here/about/pastors-and-staff/
[37/54] none   https://www.fbcsa.org/
[38/54] none   https://www.flatironschurch.com/
[39/54] FOUND  https://www.flatironschurch.com/leadership/
[40/54] FOUND  https://www.lancasterbaptist.org/about
[41/54] none   https://www.leoncecrump.com/church-planting
[42/54] none   https://www.lifepoint.org/fredericksburg
[43/54] none   https://www.mannahouse.church/about
[44/54] none   https://www.mannahouse.church/statement-of-faith
[45/54] none   https://www.marinerschurch.org
[46/54] none   https://www.marinerschurch.org/statement-of-faith/
[47/54] none   https://www.riverstonechurch.net
[48/54] none   https://www.riverstonechurch.net/leadership
[49/54] none   https://www.sojournchurch.com/about
[50/54] none   https://www.sojournchurch.com/beliefs
[51/54] none   https://www.westgatechurch.org
[52/54] none   https://www.westgatechurch.org/our-values
[53/54] none   https://www.yelp.com/biz/new-hope-leeward-waipahu
[54/54] FOUND  https://www.yourturningpointchurch.org/our-beliefs

Done. found=22 saved_new=0 none=32
